[www.keystonesportsbeat.com/index/index.html]
[backblue.gif]
[fade.gif]
[index.html]
[www.keystonesportsbeat.com/favicon/index.ico]
[www.keystonesportsbeat.com/index/index.html]
[www.keystonesportsbeat.com/universal/images-v6/configuration/no-image/index.png]
[www.keystonesportsbeat.com/the-show/index/index.html]
[www.keystonesportsbeat.com/the-show/index/index.html]
[www.keystonesportsbeat.com/the-guys-1/index/index.html]
[www.keystonesportsbeat.com/the-stream/index/index.html]
[www.keystonesportsbeat.com/the-stations/index/index.html]
[www.keystonesportsbeat.com/biotripp/index.html]
[www.keystonesportsbeat.com/the-guys-1/index/index.html]
[www.keystonesportsbeat.com/the-stream/index/index.html]
[www.keystonesportsbeat.com/the-stations/index/index.html]
[www.keystonesportsbeat.com/dan-bezilla/index.html]
[www.keystonesportsbeat.com/biotripp/index.html]
[www.keystonesportsbeat.com/dan-bezilla/index.html]
[www.keystonesportsbeat.com/the-guys-1/index.html]
[www.keystonesportsbeat.com/biotripp/index/index.html]
[www.keystonesportsbeat.com/biotripp/index/index.html]
[www.keystonesportsbeat.com/the-guys-1/index.html]
[www.keystonesportsbeat.com/dan-bezilla/index/index.html]
[www.keystonesportsbeat.com/dan-bezilla/index/index.html]
